first create folder or type mkdir assignment in git bash
inside folder create file.html 
laliks@LIN19006177 MINGW64 ~
$ cd assignment
bash: cd: assignment: No such file or directory

laliks@LIN19006177 MINGW64 ~
$ cd assignment

laliks@LIN19006177 MINGW64 ~/assignment
$ git init
Initialized empty Git repository in C:/Users/LALIKS/assignment/.git/

laliks@LIN19006177 MINGW64 ~/assignment (master)
$ git status
On branch master

No commits yet

Untracked files:
  (use "git add <file>..." to include in what will be committed)
        README.txt
        file.html

nothing added to commit but untracked files present (use "git add" to track)

laliks@LIN19006177 MINGW64 ~/assignment (master)
$ git status
On branch master

No commits yet

Untracked files:
  (use "git add <file>..." to include in what will be committed)
        file.html

nothing added to commit but untracked files present (use "git add" to track)

laliks@LIN19006177 MINGW64 ~/assignment (master)
$ git add -A

laliks@LIN19006177 MINGW64 ~/assignment (master)
$ git status
On branch master

No commits yet

Changes to be committed:
  (use "git rm --cached <file>..." to unstage)
        new file:   file.html


laliks@LIN19006177 MINGW64 ~/assignment (master)
$ touch README.txt

laliks@LIN19006177 MINGW64 ~/assignment (master)
$ git status
On branch master

No commits yet

Changes to be committed:
  (use "git rm --cached <file>..." to unstage)
        new file:   file.html

Untracked files:
  (use "git add <file>..." to include in what will be committed)
        README.txt


laliks@LIN19006177 MINGW64 ~/assignment (master)
$ git add -A

laliks@LIN19006177 MINGW64 ~/assignment (master)
$ git commit -m "committed"
[master (root-commit) 1be038b] committed
 Committer: K S <lalithya.k-s@capgemini.com>
Your name and email address were configured automatically based
on your username and hostname. Please check that they are accurate.
You can suppress this message by setting them explicitly:

    git config --global user.name "Your Name"
    git config --global user.email you@example.com

After doing this, you may fix the identity used for this commit with:

    git commit --amend --reset-author

 2 files changed, 0 insertions(+), 0 deletions(-)
 create mode 100644 README.txt
 create mode 100644 file.html

laliks@LIN19006177 MINGW64 ~/assignment (master)
$ git branch html-assignment

laliks@LIN19006177 MINGW64 ~/assignment (master)
$ git branch
  html-assignment
* master

laliks@LIN19006177 MINGW64 ~/assignment (master)
$ git checkout html-assignment
Switched to branch 'html-assignment'

laliks@LIN19006177 MINGW64 ~/assignment (html-assignment)
$ git branch
* html-assignment
  master

laliks@LIN19006177 MINGW64 ~/assignment (html-assignment)
$ git add -A

laliks@LIN19006177 MINGW64 ~/assignment (html-assignment)
$ git commit -m "committed"
On branch html-assignment
nothing to commit, working tree clean

laliks@LIN19006177 MINGW64 ~/assignment (html-assignment)
$ git branch
* html-assignment
  master

laliks@LIN19006177 MINGW64 ~/assignment (html-assignment)
$ git add -A

laliks@LIN19006177 MINGW64 ~/assignment (html-assignment)
$ git commit -m "committed"
On branch html-assignment
nothing to commit, working tree clean

laliks@LIN19006177 MINGW64 ~/assignment (html-assignment)
$ git status
On branch html-assignment
nothing to commit, working tree clean

laliks@LIN19006177 MINGW64 ~/assignment (html-assignment)
$ git checkout master
Switched to branch 'master'

laliks@LIN19006177 MINGW64 ~/assignment (master)
$ git branch
  html-assignment
* master

laliks@LIN19006177 MINGW64 ~/assignment (master)
$ git add -A

laliks@LIN19006177 MINGW64 ~/assignment (master)
$ git commit -m "committed"
On branch master
nothing to commit, working tree clean

laliks@LIN19006177 MINGW64 ~/assignment (master)
$ git checkout html-assignment
Switched to branch 'html-assignment'

laliks@LIN19006177 MINGW64 ~/assignment (html-assignment)
$ git add -A

laliks@LIN19006177 MINGW64 ~/assignment (html-assignment)
$ git commit -m "committed"
[html-assignment 0188746] committed
 Committer: K S <lalithya.k-s@capgemini.com>
Your name and email address were configured automatically based
on your username and hostname. Please check that they are accurate.
You can suppress this message by setting them explicitly:

    git config --global user.name "Your Name"
    git config --global user.email you@example.com

After doing this, you may fix the identity used for this commit with:

    git commit --amend --reset-author

 1 file changed, 5 insertions(+)

laliks@LIN19006177 MINGW64 ~/assignment (html-assignment)
$ git checkout master
Switched to branch 'master'

laliks@LIN19006177 MINGW64 ~/assignment (master)
$ git merge html-assignment
Updating 1be038b..0188746
Fast-forward
 file.html | 5 +++++
 1 file changed, 5 insertions(+)

laliks@LIN19006177 MINGW64 ~/assignment (master)
$ git branch -d html-assignment
Deleted branch html-assignment (was 0188746).

laliks@LIN19006177 MINGW64 ~/assignment (master)
$ git remote add origin https://github.com/Lalithya98/assignment.git

laliks@LIN19006177 MINGW64 ~/assignment (master)
$ git branch -M main

laliks@LIN19006177 MINGW64 ~/assignment (main)
$ git push -u origin main
Enumerating objects: 6, done.
Counting objects: 100% (6/6), done.
Delta compression using up to 8 threads
Compressing objects: 100% (5/5), done.
Writing objects: 100% (6/6), 503 bytes | 251.00 KiB/s, done.
Total 6 (delta 0), reused 0 (delta 0), pack-reused 0
To https://github.com/Lalithya98/assignment.git
 * [new branch]      main -> main
branch 'main' set up to track 'origin/main'.
